// Jest Snapshot v1, https://goo.gl/fbAQLP

exports[`getTailwindConfig extend option is set matches the saved snapshot 1`] = `
Object {
  "darkMode": false,
  "plugins": Array [],
  "presets": Array [],
  "purge": Array [],
  "theme": Object {
    "animation": Object {
      "bounce": "bounce 1s infinite",
      "none": "none",
      "ping": "ping 1s cubic-bezier(0, 0, 0.2, 1) infinite",
      "pulse": "pulse 2s cubic-bezier(0.4, 0, 0.6, 1) infinite",
      "spin": "spin 1s linear infinite",
    },
    "backgroundColor": [Function],
    "backgroundImage": Object {
      "gradient-to-b": "linear-gradient(to bottom, var(--tw-gradient-stops))",
      "gradient-to-bl": "linear-gradient(to bottom left, var(--tw-gradient-stops))",
      "gradient-to-br": "linear-gradient(to bottom right, var(--tw-gradient-stops))",
      "gradient-to-l": "linear-gradient(to left, var(--tw-gradient-stops))",
      "gradient-to-r": "linear-gradient(to right, var(--tw-gradient-stops))",
      "gradient-to-t": "linear-gradient(to top, var(--tw-gradient-stops))",
      "gradient-to-tl": "linear-gradient(to top left, var(--tw-gradient-stops))",
      "gradient-to-tr": "linear-gradient(to top right, var(--tw-gradient-stops))",
      "none": "none",
    },
    "backgroundOpacity": [Function],
    "backgroundPosition": Object {
      "bottom": "bottom",
      "center": "center",
      "left": "left",
      "left-bottom": "left bottom",
      "left-top": "left top",
      "right": "right",
      "right-bottom": "right bottom",
      "right-top": "right top",
      "top": "top",
    },
    "backgroundSize": Object {
      "auto": "auto",
      "contain": "contain",
      "cover": "cover",
    },
    "borderColor": [Function],
    "borderOpacity": [Function],
    "borderRadius": Object {
      "2xl": "1rem",
      "3xl": "1.5rem",
      "DEFAULT": "0.25rem",
      "full": "9999px",
      "lg": "0.5rem",
      "md": "0.375rem",
      "none": "0px",
      "sm": "0.125rem",
      "xl": "0.75rem",
    },
    "borderWidth": Object {
      "0": "0px",
      "2": "2px",
      "4": "4px",
      "8": "8px",
      "DEFAULT": "1px",
    },
    "boxShadow": Object {
      "2xl": "0 25px 50px -12px rgba(0, 0, 0, 0.25)",
      "DEFAULT": "0 1px 3px 0 rgba(0, 0, 0, 0.1), 0 1px 2px 0 rgba(0, 0, 0, 0.06)",
      "inner": "inset 0 2px 4px 0 rgba(0, 0, 0, 0.06)",
      "lg": "0 10px 15px -3px rgba(0, 0, 0, 0.1), 0 4px 6px -2px rgba(0, 0, 0, 0.05)",
      "md": "0 4px 6px -1px rgba(0, 0, 0, 0.1), 0 2px 4px -1px rgba(0, 0, 0, 0.06)",
      "none": "none",
      "sm": "0 1px 2px 0 rgba(0, 0, 0, 0.05)",
      "xl": "0 20px 25px -5px rgba(0, 0, 0, 0.1), 0 10px 10px -5px rgba(0, 0, 0, 0.04)",
    },
    "colors": Object {
      "black": "#000",
      "blue": Object {
        "100": "#dbeafe",
        "200": "#bfdbfe",
        "300": "#93c5fd",
        "400": "#60a5fa",
        "50": "#eff6ff",
        "500": "#3b82f6",
        "600": "#2563eb",
        "700": "#1d4ed8",
        "800": "#1e40af",
        "900": "#1e3a8a",
      },
      "current": "currentColor",
      "gray": Object {
        "100": "#f3f4f6",
        "200": "#e5e7eb",
        "300": "#d1d5db",
        "400": "#9ca3af",
        "50": "#f9fafb",
        "500": "#6b7280",
        "600": "#4b5563",
        "700": "#374151",
        "800": "#1f2937",
        "900": "#111827",
      },
      "green": Object {
        "100": "#d1fae5",
        "200": "#a7f3d0",
        "300": "#6ee7b7",
        "400": "#34d399",
        "50": "#ecfdf5",
        "500": "#10b981",
        "600": "#059669",
        "700": "#047857",
        "800": "#065f46",
        "900": "#064e3b",
      },
      "indigo": Object {
        "100": "#e0e7ff",
        "200": "#c7d2fe",
        "300": "#a5b4fc",
        "400": "#818cf8",
        "50": "#eef2ff",
        "500": "#6366f1",
        "600": "#4f46e5",
        "700": "#4338ca",
        "800": "#3730a3",
        "900": "#312e81",
      },
      "pink": Object {
        "100": "#fce7f3",
        "200": "#fbcfe8",
        "300": "#f9a8d4",
        "400": "#f472b6",
        "50": "#fdf2f8",
        "500": "#ec4899",
        "600": "#db2777",
        "700": "#be185d",
        "800": "#9d174d",
        "900": "#831843",
      },
      "primary-darker": "red",
      "primary-default": "blue",
      "primary-lighter": "yellow",
      "purple": Object {
        "100": "#ede9fe",
        "200": "#ddd6fe",
        "300": "#c4b5fd",
        "400": "#a78bfa",
        "50": "#f5f3ff",
        "500": "#8b5cf6",
        "600": "#7c3aed",
        "700": "#6d28d9",
        "800": "#5b21b6",
        "900": "#4c1d95",
      },
      "red": Object {
        "100": "#fee2e2",
        "200": "#fecaca",
        "300": "#fca5a5",
        "400": "#f87171",
        "50": "#fef2f2",
        "500": "#ef4444",
        "600": "#dc2626",
        "700": "#b91c1c",
        "800": "#991b1b",
        "900": "#7f1d1d",
      },
      "transparent": "transparent",
      "white": "#fff",
      "yellow": Object {
        "100": "#fef3c7",
        "200": "#fde68a",
        "300": "#fcd34d",
        "400": "#fbbf24",
        "50": "#fffbeb",
        "500": "#f59e0b",
        "600": "#d97706",
        "700": "#b45309",
        "800": "#92400e",
        "900": "#78350f",
      },
    },
    "container": Object {},
    "cursor": Object {
      "auto": "auto",
      "default": "default",
      "help": "help",
      "move": "move",
      "not-allowed": "not-allowed",
      "pointer": "pointer",
      "text": "text",
      "wait": "wait",
    },
    "divideColor": [Function],
    "divideOpacity": [Function],
    "divideWidth": [Function],
    "fill": Object {
      "current": "currentColor",
    },
    "flex": Object {
      "1": "1 1 0%",
      "auto": "1 1 auto",
      "initial": "0 1 auto",
      "none": "none",
    },
    "flexGrow": Object {
      "0": "0",
      "DEFAULT": "1",
    },
    "flexShrink": Object {
      "0": "0",
      "DEFAULT": "1",
    },
    "fontFamily": Object {
      "mono": Array [
        "Roboto Mono",
        "monospace",
        "Menlo",
        "Monaco",
        "Consolas",
        "\\"Liberation Mono\\"",
        "\\"Courier New\\"",
        "monospace",
      ],
      "sans": Array [
        "ui-sans-serif",
        "system-ui",
        "-apple-system",
        "BlinkMacSystemFont",
        "\\"Segoe UI\\"",
        "Roboto",
        "\\"Helvetica Neue\\"",
        "Arial",
        "\\"Noto Sans\\"",
        "sans-serif",
        "\\"Apple Color Emoji\\"",
        "\\"Segoe UI Emoji\\"",
        "\\"Segoe UI Symbol\\"",
        "\\"Noto Color Emoji\\"",
      ],
      "serif": Array [
        "ui-serif",
        "Georgia",
        "Cambria",
        "\\"Times New Roman\\"",
        "Times",
        "serif",
      ],
    },
    "fontSize": Object {
      "2xl": Array [
        "1.5rem",
        Object {
          "lineHeight": "2rem",
        },
      ],
      "3xl": Array [
        "1.875rem",
        Object {
          "lineHeight": "2.25rem",
        },
      ],
      "4xl": Array [
        "2.25rem",
        Object {
          "lineHeight": "2.5rem",
        },
      ],
      "5xl": Array [
        "3rem",
        Object {
          "lineHeight": "1",
        },
      ],
      "6xl": Array [
        "3.75rem",
        Object {
          "lineHeight": "1",
        },
      ],
      "7xl": Array [
        "4.5rem",
        Object {
          "lineHeight": "1",
        },
      ],
      "8xl": Array [
        "6rem",
        Object {
          "lineHeight": "1",
        },
      ],
      "9xl": Array [
        "8rem",
        Object {
          "lineHeight": "1",
        },
      ],
      "base": Array [
        "1rem",
        Object {
          "lineHeight": "1.5rem",
        },
      ],
      "lg": Array [
        "1.125rem",
        Object {
          "lineHeight": "1.75rem",
        },
      ],
      "medium": Array [
        "1rem",
        Object {
          "lineHeight": "1.5rem",
        },
      ],
      "sm": Array [
        "0.875rem",
        Object {
          "lineHeight": "1.25rem",
        },
      ],
      "small": Array [
        "0.875rem",
        Object {
          "lineHeight": "1.25rem",
        },
      ],
      "tiny": Array [
        "0.75rem",
        Object {
          "lineHeight": "1rem",
        },
      ],
      "xl": Array [
        "1.25rem",
        Object {
          "lineHeight": "1.75rem",
        },
      ],
      "xs": Array [
        "0.75rem",
        Object {
          "lineHeight": "1rem",
        },
      ],
    },
    "fontWeight": Object {
      "black": "900",
      "bold": "700",
      "extrabold": "800",
      "extralight": "200",
      "light": "300",
      "medium": "500",
      "normal": "400",
      "semibold": "600",
      "thin": "100",
    },
    "gap": [Function],
    "gradientColorStops": [Function],
    "gridAutoColumns": Object {
      "auto": "auto",
      "fr": "minmax(0, 1fr)",
      "max": "max-content",
      "min": "min-content",
    },
    "gridAutoRows": Object {
      "auto": "auto",
      "fr": "minmax(0, 1fr)",
      "max": "max-content",
      "min": "min-content",
    },
    "gridColumn": Object {
      "auto": "auto",
      "span-1": "span 1 / span 1",
      "span-10": "span 10 / span 10",
      "span-11": "span 11 / span 11",
      "span-12": "span 12 / span 12",
      "span-2": "span 2 / span 2",
      "span-3": "span 3 / span 3",
      "span-4": "span 4 / span 4",
      "span-5": "span 5 / span 5",
      "span-6": "span 6 / span 6",
      "span-7": "span 7 / span 7",
      "span-8": "span 8 / span 8",
      "span-9": "span 9 / span 9",
      "span-full": "1 / -1",
    },
    "gridColumnEnd": Object {
      "1": "1",
      "10": "10",
      "11": "11",
      "12": "12",
      "13": "13",
      "2": "2",
      "3": "3",
      "4": "4",
      "5": "5",
      "6": "6",
      "7": "7",
      "8": "8",
      "9": "9",
      "auto": "auto",
    },
    "gridColumnStart": Object {
      "1": "1",
      "10": "10",
      "11": "11",
      "12": "12",
      "13": "13",
      "2": "2",
      "3": "3",
      "4": "4",
      "5": "5",
      "6": "6",
      "7": "7",
      "8": "8",
      "9": "9",
      "auto": "auto",
    },
    "gridRow": Object {
      "auto": "auto",
      "span-1": "span 1 / span 1",
      "span-2": "span 2 / span 2",
      "span-3": "span 3 / span 3",
      "span-4": "span 4 / span 4",
      "span-5": "span 5 / span 5",
      "span-6": "span 6 / span 6",
      "span-full": "1 / -1",
    },
    "gridRowEnd": Object {
      "1": "1",
      "2": "2",
      "3": "3",
      "4": "4",
      "5": "5",
      "6": "6",
      "7": "7",
      "auto": "auto",
    },
    "gridRowStart": Object {
      "1": "1",
      "2": "2",
      "3": "3",
      "4": "4",
      "5": "5",
      "6": "6",
      "7": "7",
      "auto": "auto",
    },
    "gridTemplateColumns": Object {
      "1": "repeat(1, minmax(0, 1fr))",
      "10": "repeat(10, minmax(0, 1fr))",
      "11": "repeat(11, minmax(0, 1fr))",
      "12": "repeat(12, minmax(0, 1fr))",
      "2": "repeat(2, minmax(0, 1fr))",
      "3": "repeat(3, minmax(0, 1fr))",
      "4": "repeat(4, minmax(0, 1fr))",
      "5": "repeat(5, minmax(0, 1fr))",
      "6": "repeat(6, minmax(0, 1fr))",
      "7": "repeat(7, minmax(0, 1fr))",
      "8": "repeat(8, minmax(0, 1fr))",
      "9": "repeat(9, minmax(0, 1fr))",
      "none": "none",
    },
    "gridTemplateRows": Object {
      "1": "repeat(1, minmax(0, 1fr))",
      "2": "repeat(2, minmax(0, 1fr))",
      "3": "repeat(3, minmax(0, 1fr))",
      "4": "repeat(4, minmax(0, 1fr))",
      "5": "repeat(5, minmax(0, 1fr))",
      "6": "repeat(6, minmax(0, 1fr))",
      "none": "none",
    },
    "height": [Function],
    "inset": [Function],
    "keyframes": Object {
      "bounce": Object {
        "0%, 100%": Object {
          "animationTimingFunction": "cubic-bezier(0.8,0,1,1)",
          "transform": "translateY(-25%)",
        },
        "50%": Object {
          "animationTimingFunction": "cubic-bezier(0,0,0.2,1)",
          "transform": "none",
        },
      },
      "ping": Object {
        "75%, 100%": Object {
          "opacity": "0",
          "transform": "scale(2)",
        },
      },
      "pulse": Object {
        "50%": Object {
          "opacity": ".5",
        },
      },
      "spin": Object {
        "to": Object {
          "transform": "rotate(360deg)",
        },
      },
    },
    "letterSpacing": Object {
      "normal": "0em",
      "tight": "-0.025em",
      "tighter": "-0.05em",
      "wide": "0.025em",
      "wider": "0.05em",
      "widest": "0.1em",
    },
    "lineHeight": Object {
      "10": "2.5rem",
      "3": ".75rem",
      "4": "1rem",
      "5": "1.25rem",
      "6": "1.5rem",
      "7": "1.75rem",
      "8": "2rem",
      "9": "2.25rem",
      "loose": "2",
      "none": "1",
      "normal": "1.5",
      "relaxed": "1.625",
      "snug": "1.375",
      "tight": "1.25",
    },
    "listStyleType": Object {
      "decimal": "decimal",
      "disc": "disc",
      "none": "none",
    },
    "margin": [Function],
    "maxHeight": [Function],
    "maxWidth": [Function],
    "minHeight": Object {
      "0": "0px",
      "full": "100%",
      "screen": "100vh",
    },
    "minWidth": Object {
      "0": "0px",
      "full": "100%",
      "max": "max-content",
      "min": "min-content",
    },
    "objectPosition": Object {
      "bottom": "bottom",
      "center": "center",
      "left": "left",
      "left-bottom": "left bottom",
      "left-top": "left top",
      "right": "right",
      "right-bottom": "right bottom",
      "right-top": "right top",
      "top": "top",
    },
    "opacity": Object {
      "0": "0",
      "10": "0.1",
      "100": "1",
      "20": "0.2",
      "25": "0.25",
      "30": "0.3",
      "40": "0.4",
      "5": "0.05",
      "50": "0.5",
      "60": "0.6",
      "70": "0.7",
      "75": "0.75",
      "80": "0.8",
      "90": "0.9",
      "95": "0.95",
    },
    "order": Object {
      "1": "1",
      "10": "10",
      "11": "11",
      "12": "12",
      "2": "2",
      "3": "3",
      "4": "4",
      "5": "5",
      "6": "6",
      "7": "7",
      "8": "8",
      "9": "9",
      "first": "-9999",
      "last": "9999",
      "none": "0",
    },
    "outline": Object {
      "black": Array [
        "2px dotted black",
        "2px",
      ],
      "none": Array [
        "2px solid transparent",
        "2px",
      ],
      "white": Array [
        "2px dotted white",
        "2px",
      ],
    },
    "padding": [Function],
    "placeholderColor": [Function],
    "placeholderOpacity": [Function],
    "ringColor": [Function],
    "ringOffsetColor": [Function],
    "ringOffsetWidth": Object {
      "0": "0px",
      "1": "1px",
      "2": "2px",
      "4": "4px",
      "8": "8px",
    },
    "ringOpacity": [Function],
    "ringWidth": Object {
      "0": "0px",
      "1": "1px",
      "2": "2px",
      "4": "4px",
      "8": "8px",
      "DEFAULT": "3px",
    },
    "rotate": Object {
      "-1": "-1deg",
      "-12": "-12deg",
      "-180": "-180deg",
      "-2": "-2deg",
      "-3": "-3deg",
      "-45": "-45deg",
      "-6": "-6deg",
      "-90": "-90deg",
      "0": "0deg",
      "1": "1deg",
      "12": "12deg",
      "180": "180deg",
      "2": "2deg",
      "3": "3deg",
      "45": "45deg",
      "6": "6deg",
      "90": "90deg",
    },
    "scale": Object {
      "0": "0",
      "100": "1",
      "105": "1.05",
      "110": "1.1",
      "125": "1.25",
      "150": "1.5",
      "50": ".5",
      "75": ".75",
      "90": ".9",
      "95": ".95",
    },
    "screens": Object {
      "2xl": "1536px",
      "lg": "1024px",
      "md": "768px",
      "sm": "640px",
      "xl": "1280px",
    },
    "skew": Object {
      "-1": "-1deg",
      "-12": "-12deg",
      "-2": "-2deg",
      "-3": "-3deg",
      "-6": "-6deg",
      "0": "0deg",
      "1": "1deg",
      "12": "12deg",
      "2": "2deg",
      "3": "3deg",
      "6": "6deg",
    },
    "space": [Function],
    "spacing": Object {
      "0": "0px",
      "0.5": "0.125rem",
      "1": "0.25rem",
      "1.5": "0.375rem",
      "10": "2.5rem",
      "11": "2.75rem",
      "12": "3rem",
      "14": "3.5rem",
      "16": "4rem",
      "2": "0.5rem",
      "2.5": "0.625rem",
      "20": "5rem",
      "24": "6rem",
      "28": "7rem",
      "3": "0.75rem",
      "3.5": "0.875rem",
      "32": "8rem",
      "36": "9rem",
      "4": "1rem",
      "40": "10rem",
      "44": "11rem",
      "48": "12rem",
      "5": "1.25rem",
      "52": "13rem",
      "56": "14rem",
      "6": "1.5rem",
      "60": "15rem",
      "64": "16rem",
      "7": "1.75rem",
      "72": "18rem",
      "8": "2rem",
      "80": "20rem",
      "9": "2.25rem",
      "96": "24rem",
      "px": "1px",
    },
    "stroke": Object {
      "current": "currentColor",
    },
    "strokeWidth": Object {
      "0": "0",
      "1": "1",
      "2": "2",
    },
    "textColor": [Function],
    "textOpacity": [Function],
    "transformOrigin": Object {
      "bottom": "bottom",
      "bottom-left": "bottom left",
      "bottom-right": "bottom right",
      "center": "center",
      "left": "left",
      "right": "right",
      "top": "top",
      "top-left": "top left",
      "top-right": "top right",
    },
    "transitionDelay": Object {
      "100": "100ms",
      "1000": "1000ms",
      "150": "150ms",
      "200": "200ms",
      "300": "300ms",
      "500": "500ms",
      "700": "700ms",
      "75": "75ms",
    },
    "transitionDuration": Object {
      "100": "100ms",
      "1000": "1000ms",
      "150": "150ms",
      "200": "200ms",
      "300": "300ms",
      "500": "500ms",
      "700": "700ms",
      "75": "75ms",
      "DEFAULT": "150ms",
    },
    "transitionProperty": Object {
      "DEFAULT": "background-color, border-color, color, fill, stroke, opacity, box-shadow, transform",
      "all": "all",
      "colors": "background-color, border-color, color, fill, stroke",
      "none": "none",
      "opacity": "opacity",
      "shadow": "box-shadow",
      "transform": "transform",
    },
    "transitionTimingFunction": Object {
      "DEFAULT": "cubic-bezier(0.4, 0, 0.2, 1)",
      "in": "cubic-bezier(0.4, 0, 1, 1)",
      "in-out": "cubic-bezier(0.4, 0, 0.2, 1)",
      "linear": "linear",
      "out": "cubic-bezier(0, 0, 0.2, 1)",
    },
    "translate": [Function],
    "width": [Function],
    "zIndex": Object {
      "0": "0",
      "10": "10",
      "20": "20",
      "30": "30",
      "40": "40",
      "50": "50",
      "auto": "auto",
    },
  },
  "variantOrder": Array [
    "first",
    "last",
    "odd",
    "even",
    "visited",
    "checked",
    "group-hover",
    "group-focus",
    "focus-within",
    "hover",
    "focus",
    "focus-visible",
    "active",
    "disabled",
  ],
  "variants": Object {
    "accessibility": Array [
      "responsive",
      "focus-within",
      "focus",
    ],
    "alignContent": Array [
      "responsive",
    ],
    "alignItems": Array [
      "responsive",
    ],
    "alignSelf": Array [
      "responsive",
    ],
    "animation": Array [
      "responsive",
    ],
    "appearance": Array [
      "responsive",
    ],
    "backgroundAttachment": Array [
      "responsive",
    ],
    "backgroundClip": Array [
      "responsive",
    ],
    "backgroundColor": Array [
      "responsive",
      "dark",
      "group-hover",
      "focus-within",
      "hover",
      "focus",
    ],
    "backgroundImage": Array [
      "responsive",
    ],
    "backgroundOpacity": Array [
      "responsive",
      "dark",
      "group-hover",
      "focus-within",
      "hover",
      "focus",
    ],
    "backgroundPosition": Array [
      "responsive",
    ],
    "backgroundRepeat": Array [
      "responsive",
    ],
    "backgroundSize": Array [
      "responsive",
    ],
    "borderCollapse": Array [
      "responsive",
    ],
    "borderColor": Array [
      "responsive",
      "dark",
      "group-hover",
      "focus-within",
      "hover",
      "focus",
    ],
    "borderOpacity": Array [
      "responsive",
      "dark",
      "group-hover",
      "focus-within",
      "hover",
      "focus",
    ],
    "borderRadius": Array [
      "responsive",
    ],
    "borderStyle": Array [
      "responsive",
    ],
    "borderWidth": Array [
      "responsive",
    ],
    "boxShadow": Array [
      "responsive",
      "group-hover",
      "focus-within",
      "hover",
      "focus",
    ],
    "boxSizing": Array [
      "responsive",
    ],
    "clear": Array [
      "responsive",
    ],
    "container": Array [
      "responsive",
    ],
    "cursor": Array [
      "responsive",
    ],
    "display": Array [
      "responsive",
    ],
    "divideColor": Array [
      "responsive",
      "dark",
    ],
    "divideOpacity": Array [
      "responsive",
      "dark",
    ],
    "divideStyle": Array [
      "responsive",
    ],
    "divideWidth": Array [
      "responsive",
    ],
    "fill": Array [
      "responsive",
    ],
    "flex": Array [
      "responsive",
    ],
    "flexDirection": Array [
      "responsive",
    ],
    "flexGrow": Array [
      "responsive",
    ],
    "flexShrink": Array [
      "responsive",
    ],
    "flexWrap": Array [
      "responsive",
    ],
    "float": Array [
      "responsive",
    ],
    "fontFamily": Array [
      "responsive",
    ],
    "fontSize": Array [
      "responsive",
    ],
    "fontSmoothing": Array [
      "responsive",
    ],
    "fontStyle": Array [
      "responsive",
    ],
    "fontVariantNumeric": Array [
      "responsive",
    ],
    "fontWeight": Array [
      "responsive",
    ],
    "gap": Array [
      "responsive",
    ],
    "gradientColorStops": Array [
      "responsive",
      "dark",
      "hover",
      "focus",
    ],
    "gridAutoColumns": Array [
      "responsive",
    ],
    "gridAutoFlow": Array [
      "responsive",
    ],
    "gridAutoRows": Array [
      "responsive",
    ],
    "gridColumn": Array [
      "responsive",
    ],
    "gridColumnEnd": Array [
      "responsive",
    ],
    "gridColumnStart": Array [
      "responsive",
    ],
    "gridRow": Array [
      "responsive",
    ],
    "gridRowEnd": Array [
      "responsive",
    ],
    "gridRowStart": Array [
      "responsive",
    ],
    "gridTemplateColumns": Array [
      "responsive",
    ],
    "gridTemplateRows": Array [
      "responsive",
    ],
    "height": Array [
      "responsive",
    ],
    "inset": Array [
      "responsive",
    ],
    "justifyContent": Array [
      "responsive",
    ],
    "justifyItems": Array [
      "responsive",
    ],
    "justifySelf": Array [
      "responsive",
    ],
    "letterSpacing": Array [
      "responsive",
    ],
    "lineHeight": Array [
      "responsive",
    ],
    "listStylePosition": Array [
      "responsive",
    ],
    "listStyleType": Array [
      "responsive",
    ],
    "margin": Array [
      "responsive",
    ],
    "maxHeight": Array [
      "responsive",
    ],
    "maxWidth": Array [
      "responsive",
    ],
    "minHeight": Array [
      "responsive",
    ],
    "minWidth": Array [
      "responsive",
    ],
    "objectFit": Array [
      "responsive",
    ],
    "objectPosition": Array [
      "responsive",
    ],
    "opacity": Array [
      "responsive",
      "group-hover",
      "focus-within",
      "hover",
      "focus",
    ],
    "order": Array [
      "responsive",
    ],
    "outline": Array [
      "responsive",
      "focus-within",
      "focus",
    ],
    "overflow": Array [
      "responsive",
    ],
    "overscrollBehavior": Array [
      "responsive",
    ],
    "padding": Array [
      "responsive",
    ],
    "placeContent": Array [
      "responsive",
    ],
    "placeItems": Array [
      "responsive",
    ],
    "placeSelf": Array [
      "responsive",
    ],
    "placeholderColor": Array [
      "responsive",
      "dark",
      "focus",
    ],
    "placeholderOpacity": Array [
      "responsive",
      "dark",
      "focus",
    ],
    "pointerEvents": Array [
      "responsive",
    ],
    "position": Array [
      "responsive",
    ],
    "resize": Array [
      "responsive",
    ],
    "ringColor": Array [
      "responsive",
      "dark",
      "focus-within",
      "focus",
    ],
    "ringOffsetColor": Array [
      "responsive",
      "dark",
      "focus-within",
      "focus",
    ],
    "ringOffsetWidth": Array [
      "responsive",
      "focus-within",
      "focus",
    ],
    "ringOpacity": Array [
      "responsive",
      "dark",
      "focus-within",
      "focus",
    ],
    "ringWidth": Array [
      "responsive",
      "focus-within",
      "focus",
    ],
    "rotate": Array [
      "responsive",
      "hover",
      "focus",
    ],
    "scale": Array [
      "responsive",
      "hover",
      "focus",
    ],
    "skew": Array [
      "responsive",
      "hover",
      "focus",
    ],
    "space": Array [
      "responsive",
    ],
    "stroke": Array [
      "responsive",
    ],
    "strokeWidth": Array [
      "responsive",
    ],
    "tableLayout": Array [
      "responsive",
    ],
    "textAlign": Array [
      "responsive",
    ],
    "textColor": Array [
      "responsive",
      "dark",
      "group-hover",
      "focus-within",
      "hover",
      "focus",
    ],
    "textDecoration": Array [
      "responsive",
      "group-hover",
      "focus-within",
      "hover",
      "focus",
    ],
    "textOpacity": Array [
      "responsive",
      "dark",
      "group-hover",
      "focus-within",
      "hover",
      "focus",
    ],
    "textOverflow": Array [
      "responsive",
    ],
    "textTransform": Array [
      "responsive",
    ],
    "transform": Array [
      "responsive",
    ],
    "transformOrigin": Array [
      "responsive",
    ],
    "transitionDelay": Array [
      "responsive",
    ],
    "transitionDuration": Array [
      "responsive",
    ],
    "transitionProperty": Array [
      "responsive",
    ],
    "transitionTimingFunction": Array [
      "responsive",
    ],
    "translate": Array [
      "responsive",
      "hover",
      "focus",
    ],
    "userSelect": Array [
      "responsive",
    ],
    "verticalAlign": Array [
      "responsive",
    ],
    "visibility": Array [
      "responsive",
    ],
    "whitespace": Array [
      "responsive",
    ],
    "width": Array [
      "responsive",
    ],
    "wordBreak": Array [
      "responsive",
    ],
    "zIndex": Array [
      "responsive",
      "focus-within",
      "focus",
    ],
  },
}
`;

exports[`getTailwindConfig invalid tokens matches the saved snapshot 1`] = `[Error: Tokens are not in a valid format. A flat set of key-value modules is expected.]`;

exports[`getTailwindConfig matches the saved snapshot 1`] = `
Object {
  "darkMode": false,
  "plugins": Array [],
  "presets": Array [],
  "purge": Array [],
  "theme": Object {
    "colors": Object {
      "primary-darker": "red",
      "primary-default": "blue",
      "primary-lighter": "yellow",
    },
    "fontFamily": Object {
      "mono": Array [
        "Roboto Mono",
        "monospace",
      ],
    },
    "fontSize": Object {
      "medium": Array [
        "1rem",
        Object {
          "lineHeight": "1.5rem",
        },
      ],
      "small": Array [
        "0.875rem",
        Object {
          "lineHeight": "1.25rem",
        },
      ],
      "tiny": Array [
        "0.75rem",
        Object {
          "lineHeight": "1rem",
        },
      ],
    },
  },
  "variantOrder": Array [
    "first",
    "last",
    "odd",
    "even",
    "visited",
    "checked",
    "group-hover",
    "group-focus",
    "focus-within",
    "hover",
    "focus",
    "focus-visible",
    "active",
    "disabled",
  ],
  "variants": Object {
    "accessibility": Array [
      "responsive",
      "focus-within",
      "focus",
    ],
    "alignContent": Array [
      "responsive",
    ],
    "alignItems": Array [
      "responsive",
    ],
    "alignSelf": Array [
      "responsive",
    ],
    "animation": Array [
      "responsive",
    ],
    "appearance": Array [
      "responsive",
    ],
    "backgroundAttachment": Array [
      "responsive",
    ],
    "backgroundClip": Array [
      "responsive",
    ],
    "backgroundColor": Array [
      "responsive",
      "dark",
      "group-hover",
      "focus-within",
      "hover",
      "focus",
    ],
    "backgroundImage": Array [
      "responsive",
    ],
    "backgroundOpacity": Array [
      "responsive",
      "dark",
      "group-hover",
      "focus-within",
      "hover",
      "focus",
    ],
    "backgroundPosition": Array [
      "responsive",
    ],
    "backgroundRepeat": Array [
      "responsive",
    ],
    "backgroundSize": Array [
      "responsive",
    ],
    "borderCollapse": Array [
      "responsive",
    ],
    "borderColor": Array [
      "responsive",
      "dark",
      "group-hover",
      "focus-within",
      "hover",
      "focus",
    ],
    "borderOpacity": Array [
      "responsive",
      "dark",
      "group-hover",
      "focus-within",
      "hover",
      "focus",
    ],
    "borderRadius": Array [
      "responsive",
    ],
    "borderStyle": Array [
      "responsive",
    ],
    "borderWidth": Array [
      "responsive",
    ],
    "boxShadow": Array [
      "responsive",
      "group-hover",
      "focus-within",
      "hover",
      "focus",
    ],
    "boxSizing": Array [
      "responsive",
    ],
    "clear": Array [
      "responsive",
    ],
    "container": Array [
      "responsive",
    ],
    "cursor": Array [
      "responsive",
    ],
    "display": Array [
      "responsive",
    ],
    "divideColor": Array [
      "responsive",
      "dark",
    ],
    "divideOpacity": Array [
      "responsive",
      "dark",
    ],
    "divideStyle": Array [
      "responsive",
    ],
    "divideWidth": Array [
      "responsive",
    ],
    "fill": Array [
      "responsive",
    ],
    "flex": Array [
      "responsive",
    ],
    "flexDirection": Array [
      "responsive",
    ],
    "flexGrow": Array [
      "responsive",
    ],
    "flexShrink": Array [
      "responsive",
    ],
    "flexWrap": Array [
      "responsive",
    ],
    "float": Array [
      "responsive",
    ],
    "fontFamily": Array [
      "responsive",
    ],
    "fontSize": Array [
      "responsive",
    ],
    "fontSmoothing": Array [
      "responsive",
    ],
    "fontStyle": Array [
      "responsive",
    ],
    "fontVariantNumeric": Array [
      "responsive",
    ],
    "fontWeight": Array [
      "responsive",
    ],
    "gap": Array [
      "responsive",
    ],
    "gradientColorStops": Array [
      "responsive",
      "dark",
      "hover",
      "focus",
    ],
    "gridAutoColumns": Array [
      "responsive",
    ],
    "gridAutoFlow": Array [
      "responsive",
    ],
    "gridAutoRows": Array [
      "responsive",
    ],
    "gridColumn": Array [
      "responsive",
    ],
    "gridColumnEnd": Array [
      "responsive",
    ],
    "gridColumnStart": Array [
      "responsive",
    ],
    "gridRow": Array [
      "responsive",
    ],
    "gridRowEnd": Array [
      "responsive",
    ],
    "gridRowStart": Array [
      "responsive",
    ],
    "gridTemplateColumns": Array [
      "responsive",
    ],
    "gridTemplateRows": Array [
      "responsive",
    ],
    "height": Array [
      "responsive",
    ],
    "inset": Array [
      "responsive",
    ],
    "justifyContent": Array [
      "responsive",
    ],
    "justifyItems": Array [
      "responsive",
    ],
    "justifySelf": Array [
      "responsive",
    ],
    "letterSpacing": Array [
      "responsive",
    ],
    "lineHeight": Array [
      "responsive",
    ],
    "listStylePosition": Array [
      "responsive",
    ],
    "listStyleType": Array [
      "responsive",
    ],
    "margin": Array [
      "responsive",
    ],
    "maxHeight": Array [
      "responsive",
    ],
    "maxWidth": Array [
      "responsive",
    ],
    "minHeight": Array [
      "responsive",
    ],
    "minWidth": Array [
      "responsive",
    ],
    "objectFit": Array [
      "responsive",
    ],
    "objectPosition": Array [
      "responsive",
    ],
    "opacity": Array [
      "responsive",
      "group-hover",
      "focus-within",
      "hover",
      "focus",
    ],
    "order": Array [
      "responsive",
    ],
    "outline": Array [
      "responsive",
      "focus-within",
      "focus",
    ],
    "overflow": Array [
      "responsive",
    ],
    "overscrollBehavior": Array [
      "responsive",
    ],
    "padding": Array [
      "responsive",
    ],
    "placeContent": Array [
      "responsive",
    ],
    "placeItems": Array [
      "responsive",
    ],
    "placeSelf": Array [
      "responsive",
    ],
    "placeholderColor": Array [
      "responsive",
      "dark",
      "focus",
    ],
    "placeholderOpacity": Array [
      "responsive",
      "dark",
      "focus",
    ],
    "pointerEvents": Array [
      "responsive",
    ],
    "position": Array [
      "responsive",
    ],
    "resize": Array [
      "responsive",
    ],
    "ringColor": Array [
      "responsive",
      "dark",
      "focus-within",
      "focus",
    ],
    "ringOffsetColor": Array [
      "responsive",
      "dark",
      "focus-within",
      "focus",
    ],
    "ringOffsetWidth": Array [
      "responsive",
      "focus-within",
      "focus",
    ],
    "ringOpacity": Array [
      "responsive",
      "dark",
      "focus-within",
      "focus",
    ],
    "ringWidth": Array [
      "responsive",
      "focus-within",
      "focus",
    ],
    "rotate": Array [
      "responsive",
      "hover",
      "focus",
    ],
    "scale": Array [
      "responsive",
      "hover",
      "focus",
    ],
    "skew": Array [
      "responsive",
      "hover",
      "focus",
    ],
    "space": Array [
      "responsive",
    ],
    "stroke": Array [
      "responsive",
    ],
    "strokeWidth": Array [
      "responsive",
    ],
    "tableLayout": Array [
      "responsive",
    ],
    "textAlign": Array [
      "responsive",
    ],
    "textColor": Array [
      "responsive",
      "dark",
      "group-hover",
      "focus-within",
      "hover",
      "focus",
    ],
    "textDecoration": Array [
      "responsive",
      "group-hover",
      "focus-within",
      "hover",
      "focus",
    ],
    "textOpacity": Array [
      "responsive",
      "dark",
      "group-hover",
      "focus-within",
      "hover",
      "focus",
    ],
    "textOverflow": Array [
      "responsive",
    ],
    "textTransform": Array [
      "responsive",
    ],
    "transform": Array [
      "responsive",
    ],
    "transformOrigin": Array [
      "responsive",
    ],
    "transitionDelay": Array [
      "responsive",
    ],
    "transitionDuration": Array [
      "responsive",
    ],
    "transitionProperty": Array [
      "responsive",
    ],
    "transitionTimingFunction": Array [
      "responsive",
    ],
    "translate": Array [
      "responsive",
      "hover",
      "focus",
    ],
    "userSelect": Array [
      "responsive",
    ],
    "verticalAlign": Array [
      "responsive",
    ],
    "visibility": Array [
      "responsive",
    ],
    "whitespace": Array [
      "responsive",
    ],
    "width": Array [
      "responsive",
    ],
    "wordBreak": Array [
      "responsive",
    ],
    "zIndex": Array [
      "responsive",
      "focus-within",
      "focus",
    ],
  },
}
`;

exports[`getTailwindConfig missing line height tokens tokens matches the saved snapshot 1`] = `[Error: Could not find matching line height for font size. Did you include your line height tokens?]`;
